core_cm0plus.h:741:22:__NVIC_EnableIRQ	16	static
core_cm0plus.h:848:22:__NVIC_SetPriority	24	static
bsp.c:34:6:init_clocks	8	static
bsp.c:38:6:set_onboardLED_output	8	static
bsp.c:43:6:turn_on_onboardLED	8	static
bsp.c:47:6:turn_off_onboardLED	8	static
bsp.c:51:6:toggle_onboardLED	8	static
bsp.c:55:6:set_output	16	static
bsp.c:68:6:set_input	16	static
bsp.c:80:6:set_pin_to1	16	static
bsp.c:92:6:set_pin_to0	16	static
bsp.c:104:6:toggle_pin	16	static
bsp.c:116:6:delay	16	static
bsp.c:120:6:my_delay	16	static
bsp.c:124:6:clear_rows	8	static
bsp.c:131:6:set_rows	8	static
bsp.c:138:6:EXTI0_1_IRQHandler	8	static
bsp.c:359:6:EXTI4_15_IRQHandler	8	static
bsp.c:637:6:init_all	16	static
bsp.c:679:6:init_ext_interrupts	8	static
bsp.c:709:6:activate_d1	8	static
bsp.c:712:6:activate_d2	8	static
bsp.c:715:6:activate_d3	8	static
bsp.c:718:6:activate_d4	8	static
bsp.c:721:6:deactivate_d1	8	static
bsp.c:724:6:deactivate_d2	8	static
bsp.c:727:6:deactivate_d3	8	static
bsp.c:730:6:deactivate_d4	8	static
bsp.c:735:6:zero	16	static
bsp.c:740:6:one	16	static
bsp.c:745:6:two	16	static
bsp.c:750:6:three	16	static
bsp.c:755:6:four	16	static
bsp.c:760:6:five	16	static
bsp.c:764:6:six	16	static
bsp.c:769:6:seven	16	static
bsp.c:774:6:eight	16	static
bsp.c:779:6:nine	16	static
bsp.c:785:6:blackout	16	static
bsp.c:795:6:compare_display	8	static
bsp.c:812:6:find_digit	24	static
bsp.c:1090:6:display_dot	16	static
bsp.c:1112:6:display_mode	16	static
bsp.c:1142:6:display_invalid	16	static
bsp.c:1167:6:display_sine	16	static
bsp.c:1191:6:display_tria	16	static
bsp.c:1217:6:display_sqre	16	static
bsp.c:1243:6:display_toth	16	static
bsp.c:1269:6:display_digi	16	static
bsp.c:1294:6:display_gaus	16	static
bsp.c:1319:6:PWM_init	8	static
bsp.c:1352:6:init_timer1	8	static
bsp.c:1369:6:mode_arranger	8	static
bsp.c:1449:6:TIM1_BRK_UP_TRG_COM_IRQHandler	8	static
bsp.c:1458:6:TIM2_IRQHandler	8	static
